<area shape="rect" id="node5" href="$classc_bitmap.html" title="This class provides functionalities to display a bitmap image." alt="" coords="347,5,416,33">
<area shape="rect" id="node7" href="$classc_camera.html" title="cCamera describes a virtual Camera located inside the world. Its job in life is to..." alt="" coords="345,55,417,83">
<area shape="rect" id="node9" href="$classc_g_e_l_world.html" title="cGELWorld implements a world to handle deformable objects within CHAI 3D." alt="" coords="337,106,425,134">
<area shape="rect" id="node11" href="$classc_generic_tool.html" title="cGenericTool describes a generic class to create virtual tools inside a virtual environment..." alt="" coords="333,157,429,185">
<area shape="rect" id="node15" href="$classc_label.html" title="This class provides functionalities to display one line of text." alt="" coords="352,207,411,235">
<area shape="rect" id="node17" href="$classc_light.html" title="cLight describes an OpenGL light source, generally rendered by a cWorld object, which..." alt="" coords="353,258,409,286">
<area shape="rect" id="node19" href="$classc_mesh.html" title="cMesh represents a collection of vertices, triangles, materials, and texture properties..." alt="" coords="352,309,411,337">
<area shape="rect" id="node23" href="$classc_o_d_e_generic_body.html" title="cODEGenericBody is a base class for modeling any ODE dynamic body." alt="" coords="316,359,447,387">
<area shape="rect" id="node25" href="$classc_o_d_e_world.html" title="cODEWorld implements a virtual world to handle ODE based objects (cODEGenericBody)..." alt="" coords="336,410,427,438">
<area shape="rect" id="node27" href="$classc_shape_line.html" title="cShapeLine describes a simple line potential field" alt="" coords="337,461,425,489">
<area shape="rect" id="node29" href="$classc_shape_sphere.html" title="Implementation of a virtual sphere shape." alt="" coords="328,511,435,539">
<area shape="rect" id="node31" href="$classc_shape_torus.html" title="cShapeTorus describes a simple torus potential field." alt="" coords="333,562,429,590">
<area shape="rect" id="node33" href="$classc_world.html" title="cWorld defines the typical root of the CHAI scene graph. It stores lights, allocates..." alt="" coords="351,613,412,641">
<area shape="rect" id="node2" href="$classc_generic_type.html" title="Definition of an abstract type." alt="" coords="5,309,107,337">
<area shape="rect" id="node13" href="$classc_generic3dof_pointer.html" title="cGeneric3dofPointer represents a haptic tool that can apply forces in three degrees..." alt="" coords="496,157,635,185">
<area shape="rect" id="node21" href="$classc_g_e_l_mesh.html" title="cGELMesh inherits from cMesh and integrate a skeleton model for deformation simulation..." alt="" coords="523,309,608,337">
