<area shape="rect" id="node1" href="$classc_generic_device.html" title="cGenericDevice Provides an general interface to communicate with hardware devices..." alt="" coords="5,81,117,109">
<area shape="rect" id="node3" href="$classc_driver_sensoray626.html" title="cDriverSensoray626 offers an interface to the Sensoray 626 boards." alt="" coords="172,30,308,58">
<area shape="rect" id="node5" href="$classc_driver_servotogo.html" title="cDriverServotogo offers an interface to the Servo2Go boards." alt="" coords="181,81,299,109">
<area shape="rect" id="node7" href="$classc_generic_haptic_device.html" title="cGenericHapticDevice describes a virtual class from which all 2D or 3D point contact..." alt="" coords="167,131,313,159">
<area shape="rect" id="node9" href="$classc_delta_device.html" title="cDeltaDevice implements an interface to the omega.x and delta.x haptic devices from..." alt="" coords="381,5,477,33">
<area shape="rect" id="node11" href="$classc_falcon_device.html" title="cFalconDevice describes an interface to the Falcon haptic device from Novint Technlogies..." alt="" coords="377,55,481,83">
<area shape="rect" id="node13" href="$classc_freedom6_s_device.html" title="cFreedom6SDevice describes an interface to the Freedom6S haptic device from MPB Technologies..." alt="" coords="363,106,496,134">
<area shape="rect" id="node15" href="$classc_my_custom_device.html" title="cMyCustomDevice provides the structure in which you can very easily interface CHAI..." alt="" coords="365,157,493,185">
<area shape="rect" id="node17" href="$classc_phantom_device.html" title="cPhantomDevice describes an interface to the Phantom haptic devices from Sensable..." alt="" coords="371,207,488,235">
<area shape="rect" id="node19" href="$classc_virtual_device.html" title="Class which interfaces with the virtual device." alt="" coords="377,258,481,286">
